Main kernel banks: b07 @ S2, b00 @ S3

8000-8eff               Font data
 (8000-8bff)             Default tokens in two high bytes of lo-res font
8f00-94d4               eprom.asm
94d5-94ff               -- unused
9500-9563               ossci.asm
9564-95a4               timeres.asm
95a5-966f               reset2.asm
9670-9815               misc1.asm
 9670-967f               RamDorTable - should be local to MountAllRam
 9680-9802               InitHandle
 9803-9815               RAMxDOR
9816-983d               reset5.asm
983e-99ca               osalm.asm
99cb-9aea               oscli.asm
9aeb-9bbd               process1.asm
 9aeb-9afc               OSPoll
 9afd-9b5f               support functions
 9b60-9bbd               OSNq process enquiries
9bbe-9cdc               card1.asm - should be local to IntFlap
9cdd-9d6d               filesys1.asm
9d6e-9e02               deadkey.asm - now all in kbd.asm
9e03-9f22               osmapm.asm
9f23-9f4b               memory1.asm
9f4c-a6d8               mth1.asm
a6d9-aaa8               nqsp.asm
aaa9-aab5               initdata.asm - can be relocated anywhere with lowram.asm
aab6-ac5a               lowram.asm
ac5b-b1a1               scrdrv1.asm
b1a2-b2ae               ossr.asm
b2af-b3fe               -- unused - now b3xx used for keymap table
b3ff-bfff               appdors.asm

c000-c07a               boot.asm
c07b-c100               reset13.asm
c101-c205               misc2.asm
 c101-c14f               ozcall
 c150-c1c9               osprt
 c1ca-c1ea               osepr
 c1eb-c205               osalm
c206-c448               process2.asm
c449-c45e               osout.asm
c45f-c6c8               buffer.asm
c6c9-c6e3               oscli.asm
c6e4-c9d5               process3.asm
c9d6-ca24               cardmgr.asm
ca25-cd6c               dor.asm
cd6d-cda4               alarm2.asm
cda5-cdc2               misc3.asm
cdc3-d05c               nmi.asm
d05d-d0cb               error.asm
d0cc-d142               esc.asm
d143-d4ba               filesys2.asm
d4bb-d525               time.asm
d526-d554               ossi.asm
d555-d5d0               misc4.asm       osframe, bix/box
d5d1-d6d6               handle.asm
d6d7-d8cf               misc5.asm       osframe, bankswitch, AtoN, KPrint
d8d0-dafc               int.asm
dafd-db0c               random.asm
db0d-df21               kbd.asm - mostly rewritten already
df22-df29               osmap.asm
df2a-e788               memory.asm
e789-edbc               mth2.asm
edbd-ee88               token.asm
ee89-f12c               osin.asm
f12d-f1ab               mth3.asm
f1ac-f1be               spnq0.asm
f1bf-f221               scrdrv2.asm
f222-f8f9               filesys3.asm
f90c-f9a4               scrdrv3.asm
f9a5-f9d1               pfilter0.asm
f9d2-fae9               ozwindow.asm
faea-fe6c               scrdrv4.asm
de6d-fe96               osust.asm
fe97-ffff               misc6.asm
