
8000-8eff	Font data
 (8000-8bff) Default tokens in two high bytes of lo-res font
8f00-94d4	eprom.asm
94d5-94ff	-- unused
9500-9563	ossci.asm
9564-95a4	timeres.asm
95a5-966f	reset2.asm
9670-9815	misc1.asm
 9670-967f	 RamDorTable - should be local to MountAllRam
 9680-9802 	 InitHandle
 9803-9815	 RAMxDOR
9816-983d	reset5.asm
983e-99ca	osalm.asm
99cb-9aea	oscli.asm
9aeb-9bbd	process1.asm
  9aeb-9afc	 OSPoll
  9afd-9b5f	 support functions
  9b60-9bbd	 OSNq process enquiries
9bbe-9cdc	card1.asm - should be local to IntFlap
9cdd-9d6d	filesys1.asm
9d6e-9e02	deadkey.asm - now all in kbd.asm
9e03-9f22	osmapm.asm
9f23-9f4b	memory1.asm

9f4c-a6d8	mth.asm

a6d9-aaa8	nqsp.asm
aaa9-aab5	initdata.asm - can be relocated anywhere with lowram.asm
aab6-ac5a	lowram.asm
ac5b-b1a1	scrdrv1.asm
b1a2-b2ae	ossr.asm
b2af-b3fe	-- unused - now b3xx used for keymap table
b3ff-bfff	appdors.asm

Font data and mth.asm are missing, maybe some empty space filling too.
Empty space is filled with $FF.  You can add that filler at the end of
previous module.  There's a nice option for defs to fill with $FF... :)

It's possible to build bank7 from the above files if you supply dummy mth.asm
which just includes binary image.  I would like to have it even slighly commented
before putting it into CVS.
